// Jest Snapshot v1, https://goo.gl/fbAQLP

exports[`renders correctly 1`] = `
Array [
  <style
    dangerouslySetInnerHTML={
      Object {
        "__html": ":host,:root{--chakra-ring-inset:var(--chakra-empty,/*!*/ /*!*/);--chakra-ring-offset-width:0px;--chakra-ring-offset-color:#fff;--chakra-ring-color:rgba(66, 153, 225, 0.6);--chakra-ring-offset-shadow:0 0 #0000;--chakra-ring-shadow:0 0 #0000;--chakra-space-x-reverse:0;--chakra-space-y-reverse:0;--chakra-colors-transparent:transparent;--chakra-colors-current:currentColor;--chakra-colors-black:#000000;--chakra-colors-white:#FFFFFF;--chakra-colors-whiteAlpha-50:rgba(255, 255, 255, 0.04);--chakra-colors-whiteAlpha-100:rgba(255, 255, 255, 0.06);--chakra-colors-whiteAlpha-200:rgba(255, 255, 255, 0.08);--chakra-colors-whiteAlpha-300:rgba(255, 255, 255, 0.16);--chakra-colors-whiteAlpha-400:rgba(255, 255, 255, 0.24);--chakra-colors-whiteAlpha-500:rgba(255, 255, 255, 0.36);--chakra-colors-whiteAlpha-600:rgba(255, 255, 255, 0.48);--chakra-colors-whiteAlpha-700:rgba(255, 255, 255, 0.64);--chakra-colors-whiteAlpha-800:rgba(255, 255, 255, 0.80);--chakra-colors-whiteAlpha-900:rgba(255, 255, 255, 0.92);--chakra-colors-blackAlpha-50:rgba(0, 0, 0, 0.04);--chakra-colors-blackAlpha-100:rgba(0, 0, 0, 0.06);--chakra-colors-blackAlpha-200:rgba(0, 0, 0, 0.08);--chakra-colors-blackAlpha-300:rgba(0, 0, 0, 0.16);--chakra-colors-blackAlpha-400:rgba(0, 0, 0, 0.24);--chakra-colors-blackAlpha-500:rgba(0, 0, 0, 0.36);--chakra-colors-blackAlpha-600:rgba(0, 0, 0, 0.48);--chakra-colors-blackAlpha-700:rgba(0, 0, 0, 0.64);--chakra-colors-blackAlpha-800:rgba(0, 0, 0, 0.80);--chakra-colors-blackAlpha-900:rgba(0, 0, 0, 0.92);--chakra-colors-gray-50:#F7FAFC;--chakra-colors-gray-100:#EDF2F7;--chakra-colors-gray-200:#E2E8F0;--chakra-colors-gray-300:#CBD5E0;--chakra-colors-gray-400:#A0AEC0;--chakra-colors-gray-500:#718096;--chakra-colors-gray-600:#4A5568;--chakra-colors-gray-700:#2D3748;--chakra-colors-gray-800:#1A202C;--chakra-colors-gray-900:#171923;--chakra-colors-red-50:#FFF5F5;--chakra-colors-red-100:#FED7D7;--chakra-colors-red-200:#FEB2B2;--chakra-colors-red-300:#FC8181;--chakra-colors-red-400:#F56565;--chakra-colors-red-500:#E53E3E;--chakra-colors-red-600:#C53030;--chakra-colors-red-700:#9B2C2C;--chakra-colors-red-800:#822727;--chakra-colors-red-900:#63171B;--chakra-colors-orange-50:#FFFAF0;--chakra-colors-orange-100:#FEEBC8;--chakra-colors-orange-200:#FBD38D;--chakra-colors-orange-300:#F6AD55;--chakra-colors-orange-400:#ED8936;--chakra-colors-orange-500:#DD6B20;--chakra-colors-orange-600:#C05621;--chakra-colors-orange-700:#9C4221;--chakra-colors-orange-800:#7B341E;--chakra-colors-orange-900:#652B19;--chakra-colors-yellow-50:#FFFFF0;--chakra-colors-yellow-100:#FEFCBF;--chakra-colors-yellow-200:#FAF089;--chakra-colors-yellow-300:#F6E05E;--chakra-colors-yellow-400:#ECC94B;--chakra-colors-yellow-500:#D69E2E;--chakra-colors-yellow-600:#B7791F;--chakra-colors-yellow-700:#975A16;--chakra-colors-yellow-800:#744210;--chakra-colors-yellow-900:#5F370E;--chakra-colors-green-50:#F0FFF4;--chakra-colors-green-100:#C6F6D5;--chakra-colors-green-200:#9AE6B4;--chakra-colors-green-300:#68D391;--chakra-colors-green-400:#48BB78;--chakra-colors-green-500:#38A169;--chakra-colors-green-600:#2F855A;--chakra-colors-green-700:#276749;--chakra-colors-green-800:#22543D;--chakra-colors-green-900:#1C4532;--chakra-colors-teal-50:#E6FFFA;--chakra-colors-teal-100:#B2F5EA;--chakra-colors-teal-200:#81E6D9;--chakra-colors-teal-300:#4FD1C5;--chakra-colors-teal-400:#38B2AC;--chakra-colors-teal-500:#319795;--chakra-colors-teal-600:#2C7A7B;--chakra-colors-teal-700:#285E61;--chakra-colors-teal-800:#234E52;--chakra-colors-teal-900:#1D4044;--chakra-colors-blue-50:#ebf8ff;--chakra-colors-blue-100:#bee3f8;--chakra-colors-blue-200:#90cdf4;--chakra-colors-blue-300:#63b3ed;--chakra-colors-blue-400:#4299e1;--chakra-colors-blue-500:#3182ce;--chakra-colors-blue-600:#2b6cb0;--chakra-colors-blue-700:#2c5282;--chakra-colors-blue-800:#2a4365;--chakra-colors-blue-900:#1A365D;--chakra-colors-cyan-50:#EDFDFD;--chakra-colors-cyan-100:#C4F1F9;--chakra-colors-cyan-200:#9DECF9;--chakra-colors-cyan-300:#76E4F7;--chakra-colors-cyan-400:#0BC5EA;--chakra-colors-cyan-500:#00B5D8;--chakra-colors-cyan-600:#00A3C4;--chakra-colors-cyan-700:#0987A0;--chakra-colors-cyan-800:#086F83;--chakra-colors-cyan-900:#065666;--chakra-colors-purple-50:#FAF5FF;--chakra-colors-purple-100:#E9D8FD;--chakra-colors-purple-200:#D6BCFA;--chakra-colors-purple-300:#B794F4;--chakra-colors-purple-400:#9F7AEA;--chakra-colors-purple-500:#805AD5;--chakra-colors-purple-600:#6B46C1;--chakra-colors-purple-700:#553C9A;--chakra-colors-purple-800:#44337A;--chakra-colors-purple-900:#322659;--chakra-colors-pink-50:#FFF5F7;--chakra-colors-pink-100:#FED7E2;--chakra-colors-pink-200:#FBB6CE;--chakra-colors-pink-300:#F687B3;--chakra-colors-pink-400:#ED64A6;--chakra-colors-pink-500:#D53F8C;--chakra-colors-pink-600:#B83280;--chakra-colors-pink-700:#97266D;--chakra-colors-pink-800:#702459;--chakra-colors-pink-900:#521B41;--chakra-colors-linkedin-50:#E8F4F9;--chakra-colors-linkedin-100:#CFEDFB;--chakra-colors-linkedin-200:#9BDAF3;--chakra-colors-linkedin-300:#68C7EC;--chakra-colors-linkedin-400:#34B3E4;--chakra-colors-linkedin-500:#00A0DC;--chakra-colors-linkedin-600:#008CC9;--chakra-colors-linkedin-700:#0077B5;--chakra-colors-linkedin-800:#005E93;--chakra-colors-linkedin-900:#004471;--chakra-colors-facebook-50:#E8F4F9;--chakra-colors-facebook-100:#D9DEE9;--chakra-colors-facebook-200:#B7C2DA;--chakra-colors-facebook-300:#6482C0;--chakra-colors-facebook-400:#4267B2;--chakra-colors-facebook-500:#385898;--chakra-colors-facebook-600:#314E89;--chakra-colors-facebook-700:#29487D;--chakra-colors-facebook-800:#223B67;--chakra-colors-facebook-900:#1E355B;--chakra-colors-messenger-50:#D0E6FF;--chakra-colors-messenger-100:#B9DAFF;--chakra-colors-messenger-200:#A2CDFF;--chakra-colors-messenger-300:#7AB8FF;--chakra-colors-messenger-400:#2E90FF;--chakra-colors-messenger-500:#0078FF;--chakra-colors-messenger-600:#0063D1;--chakra-colors-messenger-700:#0052AC;--chakra-colors-messenger-800:#003C7E;--chakra-colors-messenger-900:#002C5C;--chakra-colors-whatsapp-50:#dffeec;--chakra-colors-whatsapp-100:#b9f5d0;--chakra-colors-whatsapp-200:#90edb3;--chakra-colors-whatsapp-300:#65e495;--chakra-colors-whatsapp-400:#3cdd78;--chakra-colors-whatsapp-500:#22c35e;--chakra-colors-whatsapp-600:#179848;--chakra-colors-whatsapp-700:#0c6c33;--chakra-colors-whatsapp-800:#01421c;--chakra-colors-whatsapp-900:#001803;--chakra-colors-twitter-50:#E5F4FD;--chakra-colors-twitter-100:#C8E9FB;--chakra-colors-twitter-200:#A8DCFA;--chakra-colors-twitter-300:#83CDF7;--chakra-colors-twitter-400:#57BBF5;--chakra-colors-twitter-500:#1DA1F2;--chakra-colors-twitter-600:#1A94DA;--chakra-colors-twitter-700:#1681BF;--chakra-colors-twitter-800:#136B9E;--chakra-colors-twitter-900:#0D4D71;--chakra-colors-telegram-50:#E3F2F9;--chakra-colors-telegram-100:#C5E4F3;--chakra-colors-telegram-200:#A2D4EC;--chakra-colors-telegram-300:#7AC1E4;--chakra-colors-telegram-400:#47A9DA;--chakra-colors-telegram-500:#0088CC;--chakra-colors-telegram-600:#007AB8;--chakra-colors-telegram-700:#006BA1;--chakra-colors-telegram-800:#005885;--chakra-colors-telegram-900:#003F5E;--chakra-borders-none:0;--chakra-borders-1px:1px solid;--chakra-borders-2px:2px solid;--chakra-borders-4px:4px solid;--chakra-borders-8px:8px solid;--chakra-fonts-heading:-apple-system,BlinkMacSystemFont,\\"Segoe UI\\",Helvetica,Arial,sans-serif,\\"Apple Color Emoji\\",\\"Segoe UI Emoji\\",\\"Segoe UI Symbol\\";--chakra-fonts-body:-apple-system,BlinkMacSystemFont,\\"Segoe UI\\",Helvetica,Arial,sans-serif,\\"Apple Color Emoji\\",\\"Segoe UI Emoji\\",\\"Segoe UI Symbol\\";--chakra-fonts-mono:SFMono-Regular,Menlo,Monaco,Consolas,\\"Liberation Mono\\",\\"Courier New\\",monospace;--chakra-fontSizes-xs:0.75rem;--chakra-fontSizes-sm:0.875rem;--chakra-fontSizes-md:1rem;--chakra-fontSizes-lg:1.125rem;--chakra-fontSizes-xl:1.25rem;--chakra-fontSizes-2xl:1.5rem;--chakra-fontSizes-3xl:1.875rem;--chakra-fontSizes-4xl:2.25rem;--chakra-fontSizes-5xl:3rem;--chakra-fontSizes-6xl:3.75rem;--chakra-fontSizes-7xl:4.5rem;--chakra-fontSizes-8xl:6rem;--chakra-fontSizes-9xl:8rem;--chakra-fontWeights-hairline:100;--chakra-fontWeights-thin:200;--chakra-fontWeights-light:300;--chakra-fontWeights-normal:400;--chakra-fontWeights-medium:500;--chakra-fontWeights-semibold:600;--chakra-fontWeights-bold:700;--chakra-fontWeights-extrabold:800;--chakra-fontWeights-black:900;--chakra-letterSpacings-tighter:-0.05em;--chakra-letterSpacings-tight:-0.025em;--chakra-letterSpacings-normal:0;--chakra-letterSpacings-wide:0.025em;--chakra-letterSpacings-wider:0.05em;--chakra-letterSpacings-widest:0.1em;--chakra-lineHeights-3:.75rem;--chakra-lineHeights-4:1rem;--chakra-lineHeights-5:1.25rem;--chakra-lineHeights-6:1.5rem;--chakra-lineHeights-7:1.75rem;--chakra-lineHeights-8:2rem;--chakra-lineHeights-9:2.25rem;--chakra-lineHeights-10:2.5rem;--chakra-lineHeights-normal:normal;--chakra-lineHeights-none:1;--chakra-lineHeights-shorter:1.25;--chakra-lineHeights-short:1.375;--chakra-lineHeights-base:1.5;--chakra-lineHeights-tall:1.625;--chakra-lineHeights-taller:2;--chakra-radii-none:0;--chakra-radii-sm:0.125rem;--chakra-radii-base:0.25rem;--chakra-radii-md:0.375rem;--chakra-radii-lg:0.5rem;--chakra-radii-xl:0.75rem;--chakra-radii-2xl:1rem;--chakra-radii-3xl:1.5rem;--chakra-radii-full:9999px;--chakra-space-1:0.25rem;--chakra-space-2:0.5rem;--chakra-space-3:0.75rem;--chakra-space-4:1rem;--chakra-space-5:1.25rem;--chakra-space-6:1.5rem;--chakra-space-7:1.75rem;--chakra-space-8:2rem;--chakra-space-9:2.25rem;--chakra-space-10:2.5rem;--chakra-space-12:3rem;--chakra-space-14:3.5rem;--chakra-space-16:4rem;--chakra-space-20:5rem;--chakra-space-24:6rem;--chakra-space-28:7rem;--chakra-space-32:8rem;--chakra-space-36:9rem;--chakra-space-40:10rem;--chakra-space-44:11rem;--chakra-space-48:12rem;--chakra-space-52:13rem;--chakra-space-56:14rem;--chakra-space-60:15rem;--chakra-space-64:16rem;--chakra-space-72:18rem;--chakra-space-80:20rem;--chakra-space-96:24rem;--chakra-space-px:1px;--chakra-space-0\\\\.5:0.125rem;--chakra-space-1\\\\.5:0.375rem;--chakra-space-2\\\\.5:0.625rem;--chakra-space-3\\\\.5:0.875rem;--chakra-shadows-xs:0 0 0 1px rgba(0, 0, 0, 0.05);--chakra-shadows-sm:0 1px 2px 0 rgba(0, 0, 0, 0.05);--chakra-shadows-base:0 1px 3px 0 rgba(0, 0, 0, 0.1),0 1px 2px 0 rgba(0, 0, 0, 0.06);--chakra-shadows-md:0 4px 6px -1px rgba(0, 0, 0, 0.1),0 2px 4px -1px rgba(0, 0, 0, 0.06);--chakra-shadows-lg:0 10px 15px -3px rgba(0, 0, 0, 0.1),0 4px 6px -2px rgba(0, 0, 0, 0.05);--chakra-shadows-xl:0 20px 25px -5px rgba(0, 0, 0, 0.1),0 10px 10px -5px rgba(0, 0, 0, 0.04);--chakra-shadows-2xl:0 25px 50px -12px rgba(0, 0, 0, 0.25);--chakra-shadows-outline:0 0 0 3px rgba(66, 153, 225, 0.6);--chakra-shadows-inner:inset 0 2px 4px 0 rgba(0,0,0,0.06);--chakra-shadows-none:none;--chakra-shadows-dark-lg:rgba(0, 0, 0, 0.1) 0px 0px 0px 1px,rgba(0, 0, 0, 0.2) 0px 5px 10px,rgba(0, 0, 0, 0.4) 0px 15px 40px;--chakra-sizes-1:0.25rem;--chakra-sizes-2:0.5rem;--chakra-sizes-3:0.75rem;--chakra-sizes-4:1rem;--chakra-sizes-5:1.25rem;--chakra-sizes-6:1.5rem;--chakra-sizes-7:1.75rem;--chakra-sizes-8:2rem;--chakra-sizes-9:2.25rem;--chakra-sizes-10:2.5rem;--chakra-sizes-12:3rem;--chakra-sizes-14:3.5rem;--chakra-sizes-16:4rem;--chakra-sizes-20:5rem;--chakra-sizes-24:6rem;--chakra-sizes-28:7rem;--chakra-sizes-32:8rem;--chakra-sizes-36:9rem;--chakra-sizes-40:10rem;--chakra-sizes-44:11rem;--chakra-sizes-48:12rem;--chakra-sizes-52:13rem;--chakra-sizes-56:14rem;--chakra-sizes-60:15rem;--chakra-sizes-64:16rem;--chakra-sizes-72:18rem;--chakra-sizes-80:20rem;--chakra-sizes-96:24rem;--chakra-sizes-px:1px;--chakra-sizes-0\\\\.5:0.125rem;--chakra-sizes-1\\\\.5:0.375rem;--chakra-sizes-2\\\\.5:0.625rem;--chakra-sizes-3\\\\.5:0.875rem;--chakra-sizes-max:max-content;--chakra-sizes-min:min-content;--chakra-sizes-full:100%;--chakra-sizes-3xs:14rem;--chakra-sizes-2xs:16rem;--chakra-sizes-xs:20rem;--chakra-sizes-sm:24rem;--chakra-sizes-md:28rem;--chakra-sizes-lg:32rem;--chakra-sizes-xl:36rem;--chakra-sizes-2xl:42rem;--chakra-sizes-3xl:48rem;--chakra-sizes-4xl:56rem;--chakra-sizes-5xl:64rem;--chakra-sizes-6xl:72rem;--chakra-sizes-7xl:80rem;--chakra-sizes-8xl:90rem;--chakra-sizes-container-sm:640px;--chakra-sizes-container-md:768px;--chakra-sizes-container-lg:1024px;--chakra-sizes-container-xl:1280px;--chakra-zIndices-hide:-1;--chakra-zIndices-auto:auto;--chakra-zIndices-base:0;--chakra-zIndices-docked:10;--chakra-zIndices-dropdown:1000;--chakra-zIndices-sticky:1100;--chakra-zIndices-banner:1200;--chakra-zIndices-overlay:1300;--chakra-zIndices-modal:1400;--chakra-zIndices-popover:1500;--chakra-zIndices-skipLink:1600;--chakra-zIndices-toast:1700;--chakra-zIndices-tooltip:1800;--chakra-transition-property-common:background-color,border-color,color,fill,stroke,opacity,box-shadow,transform;--chakra-transition-property-colors:background-color,border-color,color,fill,stroke;--chakra-transition-property-dimensions:width,height;--chakra-transition-property-position:left,right,top,bottom;--chakra-transition-property-background:background-color,background-image,background-position;--chakra-transition-easing-ease-in:cubic-bezier(0.4, 0, 1, 1);--chakra-transition-easing-ease-out:cubic-bezier(0, 0, 0.2, 1);--chakra-transition-easing-ease-in-out:cubic-bezier(0.4, 0, 0.2, 1);--chakra-transition-duration-ultra-fast:50ms;--chakra-transition-duration-faster:100ms;--chakra-transition-duration-fast:150ms;--chakra-transition-duration-normal:200ms;--chakra-transition-duration-slow:300ms;--chakra-transition-duration-slower:400ms;--chakra-transition-duration-ultra-slow:500ms;--chakra-blur-none:0;--chakra-blur-sm:4px;--chakra-blur-base:8px;--chakra-blur-md:12px;--chakra-blur-lg:16px;--chakra-blur-xl:24px;--chakra-blur-2xl:40px;--chakra-blur-3xl:64px;}",
      }
    }
    data-emotion="css-global o7558t"
  />,
  <style
    dangerouslySetInnerHTML={
      Object {
        "__html": "html{line-height:1.5;-webkit-text-size-adjust:100%;font-family:system-ui,sans-serif;-webkit-font-smoothing:antialiased;text-rendering:optimizeLegibility;-moz-osx-font-smoothing:grayscale;touch-action:manipulation;}body{position:relative;min-height:100%;font-feature-settings:'kern';}*,*::before,*::after{border-width:0;border-style:solid;box-sizing:border-box;}main{display:block;}hr{border-top-width:1px;box-sizing:content-box;height:0;overflow:visible;}pre,code,kbd,samp{font-family:SFMono-Regular,Menlo,Monaco,Consolas,monospace;font-size:1em;}a{background-color:transparent;color:inherit;-webkit-text-decoration:inherit;text-decoration:inherit;}abbr[title]{border-bottom:none;-webkit-text-decoration:underline;text-decoration:underline;-webkit-text-decoration:underline dotted;-webkit-text-decoration:underline dotted;text-decoration:underline dotted;}b,strong{font-weight:bold;}small{font-size:80%;}sub,sup{font-size:75%;line-height:0;position:relative;vertical-align:baseline;}sub{bottom:-0.25em;}sup{top:-0.5em;}img{border-style:none;}button,input,optgroup,select,textarea{font-family:inherit;font-size:100%;line-height:1.15;margin:0;}button,input{overflow:visible;}button,select{text-transform:none;}button::-moz-focus-inner,[type=\\"button\\"]::-moz-focus-inner,[type=\\"reset\\"]::-moz-focus-inner,[type=\\"submit\\"]::-moz-focus-inner{border-style:none;padding:0;}fieldset{padding:0.35em 0.75em 0.625em;}legend{box-sizing:border-box;color:inherit;display:table;max-width:100%;padding:0;white-space:normal;}progress{vertical-align:baseline;}textarea{overflow:auto;}[type=\\"checkbox\\"],[type=\\"radio\\"]{box-sizing:border-box;padding:0;}[type=\\"number\\"]::-webkit-inner-spin-button,[type=\\"number\\"]::-webkit-outer-spin-button{-webkit-appearance:none!important;}input[type=\\"number\\"]{-moz-appearance:textfield;}[type=\\"search\\"]{-webkit-appearance:textfield;outline-offset:-2px;}[type=\\"search\\"]::-webkit-search-decoration{-webkit-appearance:none!important;}::-webkit-file-upload-button{-webkit-appearance:button;font:inherit;}details{display:block;}summary{display:-webkit-box;display:-webkit-list-item;display:-ms-list-itembox;display:list-item;}template{display:none;}[hidden]{display:none!important;}body,blockquote,dl,dd,h1,h2,h3,h4,h5,h6,hr,figure,p,pre{margin:0;}button{background:transparent;padding:0;}fieldset{margin:0;padding:0;}ol,ul{margin:0;padding:0;}textarea{resize:vertical;}button,[role=\\"button\\"]{cursor:pointer;}button::-moz-focus-inner{border:0!important;}table{border-collapse:collapse;}h1,h2,h3,h4,h5,h6{font-size:inherit;font-weight:inherit;}button,input,optgroup,select,textarea{padding:0;line-height:inherit;color:inherit;}img,svg,video,canvas,audio,iframe,embed,object{display:block;}img,video{max-width:100%;height:auto;}[data-js-focus-visible] :focus:not([data-focus-visible-added]){outline:none;box-shadow:none;}select::-ms-expand{display:none;}",
      }
    }
    data-emotion="css-global 1jqlf9g"
  />,
  <style
    dangerouslySetInnerHTML={
      Object {
        "__html": "body{font-family:var(--chakra-fonts-body);color:var(--chakra-colors-gray-800);background:var(--chakra-colors-white);transition-property:background-color;transition-duration:var(--chakra-transition-duration-normal);line-height:var(--chakra-lineHeights-base);}*::-webkit-input-placeholder{color:var(--chakra-colors-gray-400);}*::-moz-placeholder{color:var(--chakra-colors-gray-400);}*:-ms-input-placeholder{color:var(--chakra-colors-gray-400);}*::placeholder{color:var(--chakra-colors-gray-400);}*,*::before,::after{border-color:var(--chakra-colors-gray-200);word-wrap:break-word;}",
      }
    }
    data-emotion="css-global 1baqkrf"
  />,
  <div
    data-testId="modal"
  >
    <div
      data-testId="overlay"
    />
    <div
      data-testId="content"
    >
      <div
        data-testId="header"
      >
        CovidValidator
      </div>
      <div
        data-testId="body"
      >
        <p
          className="chakra-text css-0"
        >
          onboarding.message
        </p>
        <style
          dangerouslySetInnerHTML={
            Object {
              "__html": ".css-2ml0xa{font-family:var(--chakra-fonts-heading);font-weight:var(--chakra-fontWeights-bold);font-size:var(--chakra-fontSizes-md);line-height:1.2;margin-top:var(--chakra-space-5);}",
            }
          }
          data-emotion="css 2ml0xa"
        />
        <h2
          className="chakra-heading css-2ml0xa"
        >
          onboarding.list
        </h2>
        <style
          dangerouslySetInnerHTML={
            Object {
              "__html": ".css-tu0njr{list-style-type:initial;-webkit-margin-start:1em;margin-inline-start:1em;}",
            }
          }
          data-emotion="css tu0njr"
        />
        <ul
          className="css-tu0njr"
          role="list"
        >
          <li
            className="css-0"
          >
            onboarding.list.0
          </li>
          <li
            className="css-0"
          >
            onboarding.list.1
          </li>
          <li
            className="css-0"
          >
            onboarding.list.2
          </li>
          <li
            className="css-0"
          >
            x
            <style
              dangerouslySetInnerHTML={
                Object {
                  "__html": ".css-d08r5n{transition-property:var(--chakra-transition-property-common);transition-duration:var(--chakra-transition-duration-fast);transition-timing-function:var(--chakra-transition-easing-ease-out);cursor:pointer;-webkit-text-decoration:none;text-decoration:none;outline:2px solid transparent;outline-offset:2px;color:inherit;-webkit-margin-start:var(--chakra-space-1);margin-inline-start:var(--chakra-space-1);-webkit-margin-end:var(--chakra-space-1);margin-inline-end:var(--chakra-space-1);}.css-d08r5n:hover,.css-d08r5n[data-hover]{-webkit-text-decoration:underline;text-decoration:underline;}.css-d08r5n:focus,.css-d08r5n[data-focus]{box-shadow:var(--chakra-shadows-outline);}",
                }
              }
              data-emotion="css d08r5n"
            />
            <a
              className="chakra-link css-d08r5n"
              href="http://github.com/timokoenig/covid-validator"
              style={
                Object {
                  "textDecoration": "underline",
                }
              }
              target="_blank"
            >
              Github
            </a>
            y
          </li>
          <li
            className="css-0"
          >
            x
            <a
              className="chakra-link css-d08r5n"
              href="https://www.hetzner.com/"
              style={
                Object {
                  "textDecoration": "underline",
                }
              }
              target="_blank"
            >
              Hetzner Online GmbH
            </a>
            y
          </li>
        </ul>
        <style
          dangerouslySetInnerHTML={
            Object {
              "__html": ".css-1u9gfme{margin-top:var(--chakra-space-5);margin-bottom:var(--chakra-space-5);}",
            }
          }
          data-emotion="css 1u9gfme"
        />
        <div
          className="css-1u9gfme"
        >
          <style
            dangerouslySetInnerHTML={
              Object {
                "__html": ".css-f4h6uy{transition-property:var(--chakra-transition-property-common);transition-duration:var(--chakra-transition-duration-fast);transition-timing-function:var(--chakra-transition-easing-ease-out);cursor:pointer;-webkit-text-decoration:none;text-decoration:none;outline:2px solid transparent;outline-offset:2px;color:inherit;}.css-f4h6uy:hover,.css-f4h6uy[data-hover]{-webkit-text-decoration:underline;text-decoration:underline;}.css-f4h6uy:focus,.css-f4h6uy[data-focus]{box-shadow:var(--chakra-shadows-outline);}",
              }
            }
            data-emotion="css f4h6uy"
          />
          <a
            className="chakra-link css-f4h6uy"
            href="/privacy"
            style={
              Object {
                "textDecoration": "underline",
              }
            }
            target="_blank"
          >
            onboarding.privacy
          </a>
        </div>
        <style
          dangerouslySetInnerHTML={
            Object {
              "__html": ".css-l0bemr{display:-webkit-inline-box;display:-webkit-inline-flex;display:-ms-inline-flexbox;display:inline-flex;-webkit-appearance:none;-moz-appearance:none;-ms-appearance:none;appearance:none;-webkit-align-items:center;-webkit-box-align:center;-ms-flex-align:center;align-items:center;-webkit-box-pack:center;-ms-flex-pack:center;-webkit-justify-content:center;justify-content:center;-webkit-user-select:none;-moz-user-select:none;-ms-user-select:none;user-select:none;position:relative;white-space:normal;vertical-align:middle;outline:2px solid transparent;outline-offset:2px;width:100%;line-height:1.2;border-radius:var(--chakra-radii-md);font-weight:var(--chakra-fontWeights-semibold);transition-property:var(--chakra-transition-property-common);transition-duration:var(--chakra-transition-duration-normal);height:auto;min-width:var(--chakra-sizes-10);font-size:var(--chakra-fontSizes-md);-webkit-padding-start:var(--chakra-space-4);padding-inline-start:var(--chakra-space-4);-webkit-padding-end:var(--chakra-space-4);padding-inline-end:var(--chakra-space-4);background:var(--chakra-colors-gray-100);padding:0px;overflow-wrap:anywhere;}.css-l0bemr:focus,.css-l0bemr[data-focus]{box-shadow:var(--chakra-shadows-outline);}.css-l0bemr[disabled],.css-l0bemr[aria-disabled=true],.css-l0bemr[data-disabled]{opacity:0.4;cursor:not-allowed;box-shadow:var(--chakra-shadows-none);}.css-l0bemr:hover,.css-l0bemr[data-hover]{background:var(--chakra-colors-gray-200);}.css-l0bemr:hover[disabled],.css-l0bemr[data-hover][disabled],.css-l0bemr:hover[aria-disabled=true],.css-l0bemr[data-hover][aria-disabled=true],.css-l0bemr:hover[data-disabled],.css-l0bemr[data-hover][data-disabled]{background:var(--chakra-colors-gray-100);}.css-l0bemr:active,.css-l0bemr[data-active]{background:var(--chakra-colors-gray-300);}",
            }
          }
          data-emotion="css l0bemr"
        />
        <button
          className="chakra-button css-l0bemr"
          type="button"
        >
          <style
            dangerouslySetInnerHTML={
              Object {
                "__html": ".css-boqkjo{cursor:pointer;display:-webkit-inline-box;display:-webkit-inline-flex;display:-ms-inline-flexbox;display:inline-flex;-webkit-align-items:center;-webkit-box-align:center;-ms-flex-align:center;align-items:center;vertical-align:top;position:relative;width:100%;height:100%;padding:var(--chakra-space-4);-webkit-padding-start:var(--chakra-space-8);padding-inline-start:var(--chakra-space-8);-webkit-padding-end:var(--chakra-space-8);padding-inline-end:var(--chakra-space-8);word-break:break-word;-webkit-box-pack:center;-ms-flex-pack:center;-webkit-justify-content:center;justify-content:center;}.css-boqkjo[disabled],.css-boqkjo[aria-disabled=true],.css-boqkjo[data-disabled]{cursor:not-allowed;}",
              }
            }
            data-emotion="css boqkjo"
          />
          <label
            className="chakra-checkbox css-boqkjo"
            onClick={[Function]}
          >
            <input
              checked={false}
              className="chakra-checkbox__input"
              onBlur={[Function]}
              onChange={[Function]}
              onFocus={[Function]}
              onKeyDown={[Function]}
              onKeyUp={[Function]}
              style={
                Object {
                  "border": "0px",
                  "clip": "rect(0px, 0px, 0px, 0px)",
                  "height": "1px",
                  "margin": "-1px",
                  "overflow": "hidden",
                  "padding": "0px",
                  "position": "absolute",
                  "whiteSpace": "nowrap",
                  "width": "1px",
                }
              }
              type="checkbox"
            />
            <style
              dangerouslySetInnerHTML={
                Object {
                  "__html": ".css-xxkadm{width:var(--chakra-sizes-4);transition-property:box-shadow;transition-duration:var(--chakra-transition-duration-normal);border:2px solid;border-radius:var(--chakra-radii-sm);border-color:inherit;color:var(--chakra-colors-white);height:var(--chakra-sizes-4);display:-webkit-inline-box;display:-webkit-inline-flex;display:-ms-inline-flexbox;display:inline-flex;-webkit-align-items:center;-webkit-box-align:center;-ms-flex-align:center;align-items:center;-webkit-box-pack:center;-ms-flex-pack:center;-webkit-justify-content:center;justify-content:center;vertical-align:top;-webkit-user-select:none;-moz-user-select:none;-ms-user-select:none;user-select:none;-webkit-flex-shrink:0;-ms-flex-negative:0;flex-shrink:0;}.css-xxkadm[aria-checked=true],.css-xxkadm[data-checked]{background:var(--chakra-colors-blue-500);border-color:var(--chakra-colors-blue-500);color:var(--chakra-colors-white);}.css-xxkadm[aria-checked=true]:hover,.css-xxkadm[data-checked]:hover,.css-xxkadm[aria-checked=true][data-hover],.css-xxkadm[data-checked][data-hover]{background:var(--chakra-colors-blue-600);border-color:var(--chakra-colors-blue-600);}.css-xxkadm[aria-checked=true][disabled],.css-xxkadm[data-checked][disabled],.css-xxkadm[aria-checked=true][aria-disabled=true],.css-xxkadm[data-checked][aria-disabled=true],.css-xxkadm[aria-checked=true][data-disabled],.css-xxkadm[data-checked][data-disabled]{border-color:var(--chakra-colors-gray-200);background:var(--chakra-colors-gray-200);color:var(--chakra-colors-gray-500);}.css-xxkadm:indeterminate,.css-xxkadm[aria-checked=mixed],.css-xxkadm[data-indeterminate]{background:var(--chakra-colors-blue-500);border-color:var(--chakra-colors-blue-500);color:var(--chakra-colors-white);}.css-xxkadm[disabled],.css-xxkadm[aria-disabled=true],.css-xxkadm[data-disabled]{background:var(--chakra-colors-gray-100);border-color:var(--chakra-colors-gray-100);}.css-xxkadm:focus,.css-xxkadm[data-focus]{box-shadow:var(--chakra-shadows-outline);}.css-xxkadm[aria-invalid=true],.css-xxkadm[data-invalid]{border-color:var(--chakra-colors-red-500);}",
                }
              }
              data-emotion="css xxkadm"
            />
            <span
              aria-hidden={true}
              className="chakra-checkbox__control css-xxkadm"
              onMouseDown={[Function]}
              onMouseEnter={[Function]}
              onMouseLeave={[Function]}
              onMouseUp={[Function]}
            />
            <style
              dangerouslySetInnerHTML={
                Object {
                  "__html": ".css-1sgc0qu{-webkit-margin-start:0.5rem;margin-inline-start:0.5rem;-webkit-user-select:none;-moz-user-select:none;-ms-user-select:none;user-select:none;font-size:var(--chakra-fontSizes-md);}.css-1sgc0qu[disabled],.css-1sgc0qu[aria-disabled=true],.css-1sgc0qu[data-disabled]{opacity:0.4;}",
                }
              }
              data-emotion="css 1sgc0qu"
            />
            <span
              className="chakra-checkbox__label css-1sgc0qu"
              onMouseDown={[Function]}
              onTouchStart={[Function]}
            >
              onboarding.privacy.accept
            </span>
          </label>
        </button>
        <style
          dangerouslySetInnerHTML={
            Object {
              "__html": ".css-125ew98{width:100%;height:70px;position:-webkit-sticky;position:sticky;left:0px;bottom:calc(var(--chakra-space-5) * -1);background-image:linear-gradient(0deg, rgba(255, 255, 255, 1) 50%, rgba(255, 255, 255, 0) 100%);}",
            }
          }
          data-emotion="css 125ew98"
        />
        <div
          className="css-125ew98"
        />
      </div>
      <div
        data-testId="footer"
      >
        <style
          dangerouslySetInnerHTML={
            Object {
              "__html": ".css-mn8nh9{display:-webkit-inline-box;display:-webkit-inline-flex;display:-ms-inline-flexbox;display:inline-flex;-webkit-appearance:none;-moz-appearance:none;-ms-appearance:none;appearance:none;-webkit-align-items:center;-webkit-box-align:center;-ms-flex-align:center;align-items:center;-webkit-box-pack:center;-ms-flex-pack:center;-webkit-justify-content:center;justify-content:center;-webkit-user-select:none;-moz-user-select:none;-ms-user-select:none;user-select:none;position:relative;white-space:nowrap;vertical-align:middle;outline:2px solid transparent;outline-offset:2px;width:auto;line-height:1.2;border-radius:var(--chakra-radii-md);font-weight:var(--chakra-fontWeights-semibold);transition-property:var(--chakra-transition-property-common);transition-duration:var(--chakra-transition-duration-normal);height:var(--chakra-sizes-10);min-width:var(--chakra-sizes-10);font-size:var(--chakra-fontSizes-md);-webkit-padding-start:var(--chakra-space-4);padding-inline-start:var(--chakra-space-4);-webkit-padding-end:var(--chakra-space-4);padding-inline-end:var(--chakra-space-4);background:var(--chakra-colors-blue-500);color:var(--chakra-colors-white);margin-right:var(--chakra-space-3);}.css-mn8nh9:focus,.css-mn8nh9[data-focus]{box-shadow:var(--chakra-shadows-outline);}.css-mn8nh9[disabled],.css-mn8nh9[aria-disabled=true],.css-mn8nh9[data-disabled]{opacity:0.4;cursor:not-allowed;box-shadow:var(--chakra-shadows-none);}.css-mn8nh9:hover,.css-mn8nh9[data-hover]{background:var(--chakra-colors-blue-600);}.css-mn8nh9:hover[disabled],.css-mn8nh9[data-hover][disabled],.css-mn8nh9:hover[aria-disabled=true],.css-mn8nh9[data-hover][aria-disabled=true],.css-mn8nh9:hover[data-disabled],.css-mn8nh9[data-hover][data-disabled]{background:var(--chakra-colors-blue-500);}.css-mn8nh9:active,.css-mn8nh9[data-active]{background:var(--chakra-colors-blue-700);}",
            }
          }
          data-emotion="css mn8nh9"
        />
        <button
          className="chakra-button css-mn8nh9"
          disabled={true}
          onClick={[Function]}
          type="button"
        >
          continue
        </button>
      </div>
    </div>
  </div>,
  <span />,
]
`;
