// Jest Snapshot v1, https://goo.gl/fbAQLP

exports[`renders correctly 1`] = `null`;

exports[`renders correctly without index 1`] = `null`;
